# dune build
# OCAMLPARAM: unset
# Shared cache: enabled-except-user-rules
# Shared cache location: /home/jseo/.cache/dune/db
# Workspace root: /home/jseo/jun0032.github.io/CAMLBOY
# Auto-detected concurrency: 20
# Dune context:
#  { name = "default"
#  ; kind = "default"
#  ; profile = Dev
#  ; merlin = true
#  ; fdo_target_exe = None
#  ; build_dir = In_build_dir "default"
#  ; instrument_with = []
#  }
$ /usr/bin/ocamlc.opt -config > /tmp/dune_b110f5_output
$ /home/jseo/.opam/4.13.1/bin/js_of_ocaml --version > /tmp/dune_6ec41d_output
$ (cd _build/default && /usr/bin/ocamlc.opt -w @1..3@5..28@30..39@43@46..47@49..57@61..62@67@69-40 -strict-sequence -strict-formats -short-paths -keep-locs -g -bin-annot -I bin/web/.index.eobjs/byte -I /home/jseo/.opam/4.13.1/lib/bigstringaf -I /home/jseo/.opam/4.13.1/lib/brr -I /home/jseo/.opam/4.13.1/lib/js_of_ocaml -I /home/jseo/.opam/4.13.1/lib/js_of_ocaml-compiler/runtime -I /home/jseo/.opam/4.13.1/lib/js_of_ocaml-lwt -I /home/jseo/.opam/4.13.1/lib/lwt -I lib/.camlboy_lib.objs/byte -intf-suffix .ml -no-alias-deps -opaque -open Dune__exe -o bin/web/.index.eobjs/byte/dune__exe__Index.cmo -c -impl bin/web/index.ml)
> File "bin/web/index.ml", line 33, characters 8-18:
> 33 |         Tarray.set d (off    ) 0xE5;
>              ^^^^^^^^^^
> Error (alert deprecated): Brr.Tarray.set
> Use Brr.Tarray.to_bigarray1 and operate on the bigarray instead.
> File "bin/web/index.ml", line 34, characters 8-18:
> 34 |         Tarray.set d (off + 1) 0xFB;
>              ^^^^^^^^^^
> Error (alert deprecated): Brr.Tarray.set
> Use Brr.Tarray.to_bigarray1 and operate on the bigarray instead.
> File "bin/web/index.ml", line 35, characters 8-18:
> 35 |         Tarray.set d (off + 2) 0xF4;
>              ^^^^^^^^^^
> Error (alert deprecated): Brr.Tarray.set
> Use Brr.Tarray.to_bigarray1 and operate on the bigarray instead.
> File "bin/web/index.ml", line 36, characters 8-18:
> 36 |         Tarray.set d (off + 3) 0xFF;
>              ^^^^^^^^^^
> Error (alert deprecated): Brr.Tarray.set
> Use Brr.Tarray.to_bigarray1 and operate on the bigarray instead.
> File "bin/web/index.ml", line 38, characters 8-18:
> 38 |         Tarray.set d (off    ) 0x97;
>              ^^^^^^^^^^
> Error (alert deprecated): Brr.Tarray.set
> Use Brr.Tarray.to_bigarray1 and operate on the bigarray instead.
> File "bin/web/index.ml", line 39, characters 8-18:
> 39 |         Tarray.set d (off + 1) 0xAE;
>              ^^^^^^^^^^
> Error (alert deprecated): Brr.Tarray.set
> Use Brr.Tarray.to_bigarray1 and operate on the bigarray instead.
> File "bin/web/index.ml", line 40, characters 8-18:
> 40 |         Tarray.set d (off + 2) 0xB8;
>              ^^^^^^^^^^
> Error (alert deprecated): Brr.Tarray.set
> Use Brr.Tarray.to_bigarray1 and operate on the bigarray instead.
> File "bin/web/index.ml", line 41, characters 8-18:
> 41 |         Tarray.set d (off + 3) 0xFF;
>              ^^^^^^^^^^
> Error (alert deprecated): Brr.Tarray.set
> Use Brr.Tarray.to_bigarray1 and operate on the bigarray instead.
> File "bin/web/index.ml", line 43, characters 8-18:
> 43 |         Tarray.set d (off    ) 0x61;
>              ^^^^^^^^^^
> Error (alert deprecated): Brr.Tarray.set
> Use Brr.Tarray.to_bigarray1 and operate on the bigarray instead.
> File "bin/web/index.ml", line 44, characters 8-18:
> 44 |         Tarray.set d (off + 1) 0x68;
>              ^^^^^^^^^^
> Error (alert deprecated): Brr.Tarray.set
> Use Brr.Tarray.to_bigarray1 and operate on the bigarray instead.
> File "bin/web/index.ml", line 45, characters 8-18:
> 45 |         Tarray.set d (off + 2) 0x7D;
>              ^^^^^^^^^^
> Error (alert deprecated): Brr.Tarray.set
> Use Brr.Tarray.to_bigarray1 and operate on the bigarray instead.
> File "bin/web/index.ml", line 46, characters 8-18:
> 46 |         Tarray.set d (off + 3) 0xFF;
>              ^^^^^^^^^^
> Error (alert deprecated): Brr.Tarray.set
> Use Brr.Tarray.to_bigarray1 and operate on the bigarray instead.
> File "bin/web/index.ml", line 48, characters 8-18:
> 48 |         Tarray.set d (off    ) 0x22;
>              ^^^^^^^^^^
> Error (alert deprecated): Brr.Tarray.set
> Use Brr.Tarray.to_bigarray1 and operate on the bigarray instead.
> File "bin/web/index.ml", line 49, characters 8-18:
> 49 |         Tarray.set d (off + 1) 0x1E;
>              ^^^^^^^^^^
> Error (alert deprecated): Brr.Tarray.set
> Use Brr.Tarray.to_bigarray1 and operate on the bigarray instead.
> File "bin/web/index.ml", line 50, characters 8-18:
> 50 |         Tarray.set d (off + 2) 0x31;
>              ^^^^^^^^^^
> Error (alert deprecated): Brr.Tarray.set
> Use Brr.Tarray.to_bigarray1 and operate on the bigarray instead.
> File "bin/web/index.ml", line 51, characters 8-18:
> 51 |         Tarray.set d (off + 3) 0xFF;
>              ^^^^^^^^^^
> Error (alert deprecated): Brr.Tarray.set
> Use Brr.Tarray.to_bigarray1 and operate on the bigarray instead.
[2]
